// Jest Snapshot v1, https://goo.gl/fbAQLP

exports[`Snapshot 1`] = `
Object {
  "Outputs": Object {
    "LambdaName": Object {
      "Value": Object {
        "Ref": "lambda8B5974B5",
      },
    },
    "TableArn": Object {
      "Value": Object {
        "Fn::GetAtt": Array [
          "TableCD117FA1",
          "Arn",
        ],
      },
    },
    "TableName": Object {
      "Value": Object {
        "Ref": "TableCD117FA1",
      },
    },
  },
  "Parameters": Object {
    "AssetParameters70893b631249dc61260989e92e90d60ae94fbbec490a1e065680d77383084d8dArtifactHash6BDDF757": Object {
      "Description": "Artifact hash for asset \\"70893b631249dc61260989e92e90d60ae94fbbec490a1e065680d77383084d8d\\"",
      "Type": "String",
    },
    "AssetParameters70893b631249dc61260989e92e90d60ae94fbbec490a1e065680d77383084d8dS3BucketF0537962": Object {
      "Description": "S3 bucket for asset \\"70893b631249dc61260989e92e90d60ae94fbbec490a1e065680d77383084d8d\\"",
      "Type": "String",
    },
    "AssetParameters70893b631249dc61260989e92e90d60ae94fbbec490a1e065680d77383084d8dS3VersionKey46386A78": Object {
      "Description": "S3 key for asset version \\"70893b631249dc61260989e92e90d60ae94fbbec490a1e065680d77383084d8d\\"",
      "Type": "String",
    },
    "AssetParametersc13434f8f1aa2ea30fa577b2feb208a41368b11787b752e10bfc71fe8eb919d5ArtifactHashE9AE13B7": Object {
      "Description": "Artifact hash for asset \\"c13434f8f1aa2ea30fa577b2feb208a41368b11787b752e10bfc71fe8eb919d5\\"",
      "Type": "String",
    },
    "AssetParametersc13434f8f1aa2ea30fa577b2feb208a41368b11787b752e10bfc71fe8eb919d5S3Bucket51CDED69": Object {
      "Description": "S3 bucket for asset \\"c13434f8f1aa2ea30fa577b2feb208a41368b11787b752e10bfc71fe8eb919d5\\"",
      "Type": "String",
    },
    "AssetParametersc13434f8f1aa2ea30fa577b2feb208a41368b11787b752e10bfc71fe8eb919d5S3VersionKey50C3CFF0": Object {
      "Description": "S3 key for asset version \\"c13434f8f1aa2ea30fa577b2feb208a41368b11787b752e10bfc71fe8eb919d5\\"",
      "Type": "String",
    },
    "AssetParametersfe20507a2f8b9c714e1fc5ce9bb1b951f14864b340fdbc14d756b89583b19095ArtifactHash6DCE1CEE": Object {
      "Description": "Artifact hash for asset \\"fe20507a2f8b9c714e1fc5ce9bb1b951f14864b340fdbc14d756b89583b19095\\"",
      "Type": "String",
    },
    "AssetParametersfe20507a2f8b9c714e1fc5ce9bb1b951f14864b340fdbc14d756b89583b19095S3BucketB93E33D7": Object {
      "Description": "S3 bucket for asset \\"fe20507a2f8b9c714e1fc5ce9bb1b951f14864b340fdbc14d756b89583b19095\\"",
      "Type": "String",
    },
    "AssetParametersfe20507a2f8b9c714e1fc5ce9bb1b951f14864b340fdbc14d756b89583b19095S3VersionKey09FC6C23": Object {
      "Description": "S3 key for asset version \\"fe20507a2f8b9c714e1fc5ce9bb1b951f14864b340fdbc14d756b89583b19095\\"",
      "Type": "String",
    },
  },
  "Resources": Object {
    "AWS679f53fac002430cb0da5b7982bd22872D164C4C": Object {
      "DependsOn": Array [
        "AWS679f53fac002430cb0da5b7982bd2287ServiceRoleC1EA0FF2",
      ],
      "Properties": Object {
        "Code": Object {
          "S3Bucket": Object {
            "Ref": "AssetParameters70893b631249dc61260989e92e90d60ae94fbbec490a1e065680d77383084d8dS3BucketF0537962",
          },
          "S3Key": Object {
            "Fn::Join": Array [
              "",
              Array [
                Object {
                  "Fn::Select": Array [
                    0,
                    Object {
                      "Fn::Split": Array [
                        "||",
                        Object {
                          "Ref": "AssetParameters70893b631249dc61260989e92e90d60ae94fbbec490a1e065680d77383084d8dS3VersionKey46386A78",
                        },
                      ],
                    },
                  ],
                },
                Object {
                  "Fn::Select": Array [
                    1,
                    Object {
                      "Fn::Split": Array [
                        "||",
                        Object {
                          "Ref": "AssetParameters70893b631249dc61260989e92e90d60ae94fbbec490a1e065680d77383084d8dS3VersionKey46386A78",
                        },
                      ],
                    },
                  ],
                },
              ],
            ],
          },
        },
        "Handler": "index.handler",
        "Role": Object {
          "Fn::GetAtt": Array [
            "AWS679f53fac002430cb0da5b7982bd2287ServiceRoleC1EA0FF2",
            "Arn",
          ],
        },
        "Runtime": "nodejs12.x",
        "Timeout": 300,
      },
      "Type": "AWS::Lambda::Function",
    },
    "AWS679f53fac002430cb0da5b7982bd2287LogRetentionCE72797A": Object {
      "Properties": Object {
        "LogGroupName": Object {
          "Fn::Join": Array [
            "",
            Array [
              "/aws/lambda/",
              Object {
                "Ref": "AWS679f53fac002430cb0da5b7982bd22872D164C4C",
              },
            ],
          ],
        },
        "RetentionInDays": 7,
        "ServiceToken": Object {
          "Fn::GetAtt": Array [
            "LogRetentionaae0aa3c5b4d4f87b02d85b201efdd8aFD4BFC8A",
            "Arn",
          ],
        },
      },
      "Type": "Custom::LogRetention",
    },
    "AWS679f53fac002430cb0da5b7982bd2287ServiceRoleC1EA0FF2": Object {
      "Properties": Object {
        "AssumeRolePolicyDocument": Object {
          "Statement": Array [
            Object {
              "Action": "sts:AssumeRole",
              "Effect": "Allow",
              "Principal": Object {
                "Service": "lambda.amazonaws.com",
              },
            },
          ],
          "Version": "2012-10-17",
        },
        "ManagedPolicyArns": Array [
          Object {
            "Fn::Join": Array [
              "",
              Array [
                "arn:",
                Object {
                  "Ref": "AWS::Partition",
                },
                ":iam::aws:policy/service-role/AWSLambdaBasicExecutionRole",
              ],
            ],
          },
        ],
      },
      "Type": "AWS::IAM::Role",
    },
    "LogRetentionaae0aa3c5b4d4f87b02d85b201efdd8aFD4BFC8A": Object {
      "DependsOn": Array [
        "LogRetentionaae0aa3c5b4d4f87b02d85b201efdd8aServiceRoleDefaultPolicyADDA7DEB",
        "LogRetentionaae0aa3c5b4d4f87b02d85b201efdd8aServiceRole9741ECFB",
      ],
      "Properties": Object {
        "Code": Object {
          "S3Bucket": Object {
            "Ref": "AssetParametersc13434f8f1aa2ea30fa577b2feb208a41368b11787b752e10bfc71fe8eb919d5S3Bucket51CDED69",
          },
          "S3Key": Object {
            "Fn::Join": Array [
              "",
              Array [
                Object {
                  "Fn::Select": Array [
                    0,
                    Object {
                      "Fn::Split": Array [
                        "||",
                        Object {
                          "Ref": "AssetParametersc13434f8f1aa2ea30fa577b2feb208a41368b11787b752e10bfc71fe8eb919d5S3VersionKey50C3CFF0",
                        },
                      ],
                    },
                  ],
                },
                Object {
                  "Fn::Select": Array [
                    1,
                    Object {
                      "Fn::Split": Array [
                        "||",
                        Object {
                          "Ref": "AssetParametersc13434f8f1aa2ea30fa577b2feb208a41368b11787b752e10bfc71fe8eb919d5S3VersionKey50C3CFF0",
                        },
                      ],
                    },
                  ],
                },
              ],
            ],
          },
        },
        "Handler": "index.handler",
        "Role": Object {
          "Fn::GetAtt": Array [
            "LogRetentionaae0aa3c5b4d4f87b02d85b201efdd8aServiceRole9741ECFB",
            "Arn",
          ],
        },
        "Runtime": "nodejs14.x",
      },
      "Type": "AWS::Lambda::Function",
    },
    "LogRetentionaae0aa3c5b4d4f87b02d85b201efdd8aServiceRole9741ECFB": Object {
      "Properties": Object {
        "AssumeRolePolicyDocument": Object {
          "Statement": Array [
            Object {
              "Action": "sts:AssumeRole",
              "Effect": "Allow",
              "Principal": Object {
                "Service": "lambda.amazonaws.com",
              },
            },
          ],
          "Version": "2012-10-17",
        },
        "ManagedPolicyArns": Array [
          Object {
            "Fn::Join": Array [
              "",
              Array [
                "arn:",
                Object {
                  "Ref": "AWS::Partition",
                },
                ":iam::aws:policy/service-role/AWSLambdaBasicExecutionRole",
              ],
            ],
          },
        ],
      },
      "Type": "AWS::IAM::Role",
    },
    "LogRetentionaae0aa3c5b4d4f87b02d85b201efdd8aServiceRoleDefaultPolicyADDA7DEB": Object {
      "Properties": Object {
        "PolicyDocument": Object {
          "Statement": Array [
            Object {
              "Action": Array [
                "logs:PutRetentionPolicy",
                "logs:DeleteRetentionPolicy",
              ],
              "Effect": "Allow",
              "Resource": "*",
            },
          ],
          "Version": "2012-10-17",
        },
        "PolicyName": "LogRetentionaae0aa3c5b4d4f87b02d85b201efdd8aServiceRoleDefaultPolicyADDA7DEB",
        "Roles": Array [
          Object {
            "Ref": "LogRetentionaae0aa3c5b4d4f87b02d85b201efdd8aServiceRole9741ECFB",
          },
        ],
      },
      "Type": "AWS::IAM::Policy",
    },
    "TableCD117FA1": Object {
      "DeletionPolicy": "Delete",
      "Properties": Object {
        "AttributeDefinitions": Array [
          Object {
            "AttributeName": "date",
            "AttributeType": "S",
          },
        ],
        "KeySchema": Array [
          Object {
            "AttributeName": "date",
            "KeyType": "HASH",
          },
        ],
        "ProvisionedThroughput": Object {
          "ReadCapacityUnits": 5,
          "WriteCapacityUnits": 5,
        },
        "StreamSpecification": Object {
          "StreamViewType": "NEW_AND_OLD_IMAGES",
        },
        "TableName": "ncs_reminder_table",
        "TimeToLiveSpecification": Object {
          "AttributeName": "TTL",
          "Enabled": true,
        },
      },
      "Type": "AWS::DynamoDB::Table",
      "UpdateReplacePolicy": "Delete",
    },
    "initDatainitDatacustomresource6993CDCC": Object {
      "DeletionPolicy": "Delete",
      "DependsOn": Array [
        "initDatainitDatacustomresourceCustomResourcePolicy150C9C27",
        "TableCD117FA1",
      ],
      "Properties": Object {
        "Create": Object {
          "Fn::Join": Array [
            "",
            Array [
              "{\\"service\\":\\"DynamoDB\\",\\"action\\":\\"batchWriteItem\\",\\"physicalResourceId\\":{\\"id\\":\\"",
              Object {
                "Ref": "TableCD117FA1",
              },
              "insert\\"},\\"parameters\\":{\\"RequestItems\\":{\\"",
              Object {
                "Ref": "TableCD117FA1",
              },
              "\\":[{\\"PutRequest\\":{\\"Item\\":{\\"date\\":{\\"S\\":\\"2021/5\\"},\\"exp\\":{\\"S\\":\\"Wed May 19 2021 10:00:00 GMT+0000 (Coordinated Universal Time)\\"},\\"TTL\\":{\\"N\\":\\"1621418400\\"}}}},{\\"PutRequest\\":{\\"Item\\":{\\"date\\":{\\"S\\":\\"2021/6\\"},\\"exp\\":{\\"S\\":\\"Sat Jun 19 2021 10:00:00 GMT+0000 (Coordinated Universal Time)\\"},\\"TTL\\":{\\"N\\":\\"1624096800\\"}}}},{\\"PutRequest\\":{\\"Item\\":{\\"date\\":{\\"S\\":\\"2021/7\\"},\\"exp\\":{\\"S\\":\\"Mon Jul 19 2021 10:00:00 GMT+0000 (Coordinated Universal Time)\\"},\\"TTL\\":{\\"N\\":\\"1626688800\\"}}}},{\\"PutRequest\\":{\\"Item\\":{\\"date\\":{\\"S\\":\\"2021/8\\"},\\"exp\\":{\\"S\\":\\"Thu Aug 19 2021 10:00:00 GMT+0000 (Coordinated Universal Time)\\"},\\"TTL\\":{\\"N\\":\\"1629367200\\"}}}},{\\"PutRequest\\":{\\"Item\\":{\\"date\\":{\\"S\\":\\"2021/9\\"},\\"exp\\":{\\"S\\":\\"Sun Sep 19 2021 10:00:00 GMT+0000 (Coordinated Universal Time)\\"},\\"TTL\\":{\\"N\\":\\"1632045600\\"}}}},{\\"PutRequest\\":{\\"Item\\":{\\"date\\":{\\"S\\":\\"2021/10\\"},\\"exp\\":{\\"S\\":\\"Tue Oct 19 2021 10:00:00 GMT+0000 (Coordinated Universal Time)\\"},\\"TTL\\":{\\"N\\":\\"1634637600\\"}}}},{\\"PutRequest\\":{\\"Item\\":{\\"date\\":{\\"S\\":\\"2021/11\\"},\\"exp\\":{\\"S\\":\\"Fri Nov 19 2021 10:00:00 GMT+0000 (Coordinated Universal Time)\\"},\\"TTL\\":{\\"N\\":\\"1637316000\\"}}}},{\\"PutRequest\\":{\\"Item\\":{\\"date\\":{\\"S\\":\\"2021/12\\"},\\"exp\\":{\\"S\\":\\"Sun Dec 19 2021 10:00:00 GMT+0000 (Coordinated Universal Time)\\"},\\"TTL\\":{\\"N\\":\\"1639908000\\"}}}},{\\"PutRequest\\":{\\"Item\\":{\\"date\\":{\\"S\\":\\"2022/1\\"},\\"exp\\":{\\"S\\":\\"Wed Jan 19 2022 10:00:00 GMT+0000 (Coordinated Universal Time)\\"},\\"TTL\\":{\\"N\\":\\"1642586400\\"}}}},{\\"PutRequest\\":{\\"Item\\":{\\"date\\":{\\"S\\":\\"2022/2\\"},\\"exp\\":{\\"S\\":\\"Sat Feb 19 2022 10:00:00 GMT+0000 (Coordinated Universal Time)\\"},\\"TTL\\":{\\"N\\":\\"1645264800\\"}}}},{\\"PutRequest\\":{\\"Item\\":{\\"date\\":{\\"S\\":\\"2022/3\\"},\\"exp\\":{\\"S\\":\\"Sat Mar 19 2022 10:00:00 GMT+0000 (Coordinated Universal Time)\\"},\\"TTL\\":{\\"N\\":\\"1647684000\\"}}}},{\\"PutRequest\\":{\\"Item\\":{\\"date\\":{\\"S\\":\\"2022/4\\"},\\"exp\\":{\\"S\\":\\"Tue Apr 19 2022 10:00:00 GMT+0000 (Coordinated Universal Time)\\"},\\"TTL\\":{\\"N\\":\\"1650362400\\"}}}}]}}}",
            ],
          ],
        },
        "InstallLatestAwsSdk": true,
        "ServiceToken": Object {
          "Fn::GetAtt": Array [
            "AWS679f53fac002430cb0da5b7982bd22872D164C4C",
            "Arn",
          ],
        },
        "Update": Object {
          "Fn::Join": Array [
            "",
            Array [
              "{\\"service\\":\\"DynamoDB\\",\\"action\\":\\"batchWriteItem\\",\\"physicalResourceId\\":{\\"id\\":\\"",
              Object {
                "Ref": "TableCD117FA1",
              },
              "insert\\"},\\"parameters\\":{\\"RequestItems\\":{\\"",
              Object {
                "Ref": "TableCD117FA1",
              },
              "\\":[{\\"PutRequest\\":{\\"Item\\":{\\"date\\":{\\"S\\":\\"2021/5\\"},\\"exp\\":{\\"S\\":\\"Wed May 19 2021 10:00:00 GMT+0000 (Coordinated Universal Time)\\"},\\"TTL\\":{\\"N\\":\\"1621418400\\"}}}},{\\"PutRequest\\":{\\"Item\\":{\\"date\\":{\\"S\\":\\"2021/6\\"},\\"exp\\":{\\"S\\":\\"Sat Jun 19 2021 10:00:00 GMT+0000 (Coordinated Universal Time)\\"},\\"TTL\\":{\\"N\\":\\"1624096800\\"}}}},{\\"PutRequest\\":{\\"Item\\":{\\"date\\":{\\"S\\":\\"2021/7\\"},\\"exp\\":{\\"S\\":\\"Mon Jul 19 2021 10:00:00 GMT+0000 (Coordinated Universal Time)\\"},\\"TTL\\":{\\"N\\":\\"1626688800\\"}}}},{\\"PutRequest\\":{\\"Item\\":{\\"date\\":{\\"S\\":\\"2021/8\\"},\\"exp\\":{\\"S\\":\\"Thu Aug 19 2021 10:00:00 GMT+0000 (Coordinated Universal Time)\\"},\\"TTL\\":{\\"N\\":\\"1629367200\\"}}}},{\\"PutRequest\\":{\\"Item\\":{\\"date\\":{\\"S\\":\\"2021/9\\"},\\"exp\\":{\\"S\\":\\"Sun Sep 19 2021 10:00:00 GMT+0000 (Coordinated Universal Time)\\"},\\"TTL\\":{\\"N\\":\\"1632045600\\"}}}},{\\"PutRequest\\":{\\"Item\\":{\\"date\\":{\\"S\\":\\"2021/10\\"},\\"exp\\":{\\"S\\":\\"Tue Oct 19 2021 10:00:00 GMT+0000 (Coordinated Universal Time)\\"},\\"TTL\\":{\\"N\\":\\"1634637600\\"}}}},{\\"PutRequest\\":{\\"Item\\":{\\"date\\":{\\"S\\":\\"2021/11\\"},\\"exp\\":{\\"S\\":\\"Fri Nov 19 2021 10:00:00 GMT+0000 (Coordinated Universal Time)\\"},\\"TTL\\":{\\"N\\":\\"1637316000\\"}}}},{\\"PutRequest\\":{\\"Item\\":{\\"date\\":{\\"S\\":\\"2021/12\\"},\\"exp\\":{\\"S\\":\\"Sun Dec 19 2021 10:00:00 GMT+0000 (Coordinated Universal Time)\\"},\\"TTL\\":{\\"N\\":\\"1639908000\\"}}}},{\\"PutRequest\\":{\\"Item\\":{\\"date\\":{\\"S\\":\\"2022/1\\"},\\"exp\\":{\\"S\\":\\"Wed Jan 19 2022 10:00:00 GMT+0000 (Coordinated Universal Time)\\"},\\"TTL\\":{\\"N\\":\\"1642586400\\"}}}},{\\"PutRequest\\":{\\"Item\\":{\\"date\\":{\\"S\\":\\"2022/2\\"},\\"exp\\":{\\"S\\":\\"Sat Feb 19 2022 10:00:00 GMT+0000 (Coordinated Universal Time)\\"},\\"TTL\\":{\\"N\\":\\"1645264800\\"}}}},{\\"PutRequest\\":{\\"Item\\":{\\"date\\":{\\"S\\":\\"2022/3\\"},\\"exp\\":{\\"S\\":\\"Sat Mar 19 2022 10:00:00 GMT+0000 (Coordinated Universal Time)\\"},\\"TTL\\":{\\"N\\":\\"1647684000\\"}}}},{\\"PutRequest\\":{\\"Item\\":{\\"date\\":{\\"S\\":\\"2022/4\\"},\\"exp\\":{\\"S\\":\\"Tue Apr 19 2022 10:00:00 GMT+0000 (Coordinated Universal Time)\\"},\\"TTL\\":{\\"N\\":\\"1650362400\\"}}}}]}}}",
            ],
          ],
        },
      },
      "Type": "Custom::AWS",
      "UpdateReplacePolicy": "Delete",
    },
    "initDatainitDatacustomresourceCustomResourcePolicy150C9C27": Object {
      "DependsOn": Array [
        "TableCD117FA1",
      ],
      "Properties": Object {
        "PolicyDocument": Object {
          "Statement": Array [
            Object {
              "Action": "dynamodb:BatchWriteItem",
              "Effect": "Allow",
              "Resource": Object {
                "Fn::GetAtt": Array [
                  "TableCD117FA1",
                  "Arn",
                ],
              },
              "Sid": "DynamoWriteAccess",
            },
          ],
          "Version": "2012-10-17",
        },
        "PolicyName": "initDatainitDatacustomresourceCustomResourcePolicy150C9C27",
        "Roles": Array [
          Object {
            "Ref": "AWS679f53fac002430cb0da5b7982bd2287ServiceRoleC1EA0FF2",
          },
        ],
      },
      "Type": "AWS::IAM::Policy",
    },
    "lambda8B5974B5": Object {
      "DependsOn": Array [
        "lambdaServiceRole494E4CA6",
      ],
      "Properties": Object {
        "Code": Object {
          "S3Bucket": Object {
            "Ref": "AssetParametersfe20507a2f8b9c714e1fc5ce9bb1b951f14864b340fdbc14d756b89583b19095S3BucketB93E33D7",
          },
          "S3Key": Object {
            "Fn::Join": Array [
              "",
              Array [
                Object {
                  "Fn::Select": Array [
                    0,
                    Object {
                      "Fn::Split": Array [
                        "||",
                        Object {
                          "Ref": "AssetParametersfe20507a2f8b9c714e1fc5ce9bb1b951f14864b340fdbc14d756b89583b19095S3VersionKey09FC6C23",
                        },
                      ],
                    },
                  ],
                },
                Object {
                  "Fn::Select": Array [
                    1,
                    Object {
                      "Fn::Split": Array [
                        "||",
                        Object {
                          "Ref": "AssetParametersfe20507a2f8b9c714e1fc5ce9bb1b951f14864b340fdbc14d756b89583b19095S3VersionKey09FC6C23",
                        },
                      ],
                    },
                  ],
                },
              ],
            ],
          },
        },
        "Environment": Object {
          "Variables": Object {
            "ENVMOD": "DEV",
            "SECRETNAME": "secretsForTG",
          },
        },
        "FunctionName": "ncs_reminder",
        "Handler": "index.handler",
        "Role": Object {
          "Fn::GetAtt": Array [
            "lambdaServiceRole494E4CA6",
            "Arn",
          ],
        },
        "Runtime": "nodejs10.x",
        "Timeout": 60,
      },
      "Type": "AWS::Lambda::Function",
    },
    "lambdaLogRetention4CE10F74": Object {
      "Properties": Object {
        "LogGroupName": Object {
          "Fn::Join": Array [
            "",
            Array [
              "/aws/lambda/",
              Object {
                "Ref": "lambda8B5974B5",
              },
            ],
          ],
        },
        "RetentionInDays": 180,
        "ServiceToken": Object {
          "Fn::GetAtt": Array [
            "LogRetentionaae0aa3c5b4d4f87b02d85b201efdd8aFD4BFC8A",
            "Arn",
          ],
        },
      },
      "Type": "Custom::LogRetention",
    },
    "lambdaServiceRole494E4CA6": Object {
      "Properties": Object {
        "AssumeRolePolicyDocument": Object {
          "Statement": Array [
            Object {
              "Action": "sts:AssumeRole",
              "Effect": "Allow",
              "Principal": Object {
                "Service": "lambda.amazonaws.com",
              },
            },
          ],
          "Version": "2012-10-17",
        },
        "ManagedPolicyArns": Array [
          Object {
            "Fn::Join": Array [
              "",
              Array [
                "arn:",
                Object {
                  "Ref": "AWS::Partition",
                },
                ":iam::aws:policy/service-role/AWSLambdaBasicExecutionRole",
              ],
            ],
          },
          Object {
            "Fn::Join": Array [
              "",
              Array [
                "arn:",
                Object {
                  "Ref": "AWS::Partition",
                },
                ":iam::aws:policy/SecretsManagerReadWrite",
              ],
            ],
          },
          Object {
            "Fn::Join": Array [
              "",
              Array [
                "arn:",
                Object {
                  "Ref": "AWS::Partition",
                },
                ":iam::aws:policy/AWSLambdaInvocation-DynamoDB",
              ],
            ],
          },
        ],
      },
      "Type": "AWS::IAM::Role",
    },
    "lambdaevsm1B466FFF": Object {
      "Properties": Object {
        "EventSourceArn": Object {
          "Fn::GetAtt": Array [
            "TableCD117FA1",
            "StreamArn",
          ],
        },
        "FunctionName": Object {
          "Ref": "lambda8B5974B5",
        },
        "StartingPosition": "TRIM_HORIZON",
      },
      "Type": "AWS::Lambda::EventSourceMapping",
    },
  },
}
`;
